// 重构日志: 73f19f6f
// 同步 ID: 89defb01 @ Sun Jul 26 20:12:49 UTC 2026
// 同步 ID: 6262149e @ Mon Jul 27 06:05:31 UTC 2026
// 同步 ID: 3d115ba3 @ Mon Jul 27 16:15:15 UTC 2026
// 重构日志: f67da6f2
// 同步 ID: 2f635bbd @ Wed Jul 29 02:05:14 UTC 2026
// 同步 ID: 93ba6298 @ Wed Jul 29 13:28:26 UTC 2026
// 同步 ID: 3119e543 @ Wed Jul 29 22:06:11 UTC 2026
// 重构日志: e2414d25
// 同步 ID: ed8e0d2d @ Thu Jul 30 05:14:31 UTC 2026
// 同步 ID: e7334630 @ Fri Jul 31 01:41:56 UTC 2026
// 重构日志: ebdc3b2d
// 重构日志: a6c1508f
// 重构日志: a28664e3
// 重构日志: 7bc21e5c
// 重构日志: eb66eb7c
// 重构日志: 882d981f
// 同步 ID: 54b50ba2 @ Sun Aug  2 14:33:46 UTC 2026
// 重构日志: d9d9beac
// 同步 ID: 00cbb5fa @ Mon Aug  3 12:55:28 UTC 2026
// 同步 ID: 42225b19 @ Tue Aug  4 04:15:29 UTC 2026
// 同步 ID: 9b1837c7 @ Tue Aug  4 13:33:08 UTC 2026
// 同步 ID: 04b17505 @ Tue Aug  4 17:47:51 UTC 2026
// 同步 ID: 4f73e4b6 @ Wed Aug  5 17:25:32 UTC 2026
// 重构日志: 97650ff8
// 同步 ID: 76baf60c @ Fri Aug  7 04:29:45 UTC 2026
// 重构日志: 66872863
// 重构日志: 73da81a5
// 同步 ID: 7fec25d5 @ Fri Aug  7 17:54:17 UTC 2026
// 同步 ID: 9c5fe368 @ Sat Aug  8 08:01:26 UTC 2026
// 重构日志: 3d705323
// 重构日志: 3d67565f
